Performing C SOURCE FILE Test CMAKE_HAVE_LIBC_PTHREAD failed with the following output:
Change Dir: /home/projet_rob_mobile/build/CMakeFiles/CMakeTmp

<<<<<<< HEAD
Run Build Command(s):/usr/bin/make cmTC_d8dc3/fast && /usr/bin/make -f CMakeFiles/cmTC_d8dc3.dir/build.make CMakeFiles/cmTC_d8dc3.dir/build
make[1]: Entering directory '/home/projet_rob_mobile/build/CMakeFiles/CMakeTmp'
Building C object CMakeFiles/cmTC_d8dc3.dir/src.c.o
/usr/bin/cc   -DCMAKE_HAVE_LIBC_PTHREAD   -o CMakeFiles/cmTC_d8dc3.dir/src.c.o   -c /home/projet_rob_mobile/build/CMakeFiles/CMakeTmp/src.c
Linking C executable cmTC_d8dc3
/usr/bin/cmake -E cmake_link_script CMakeFiles/cmTC_d8dc3.dir/link.txt --verbose=1
/usr/bin/cc  -DCMAKE_HAVE_LIBC_PTHREAD    -rdynamic CMakeFiles/cmTC_d8dc3.dir/src.c.o  -o cmTC_d8dc3 
/usr/bin/ld: CMakeFiles/cmTC_d8dc3.dir/src.c.o: in function `main':
=======
Run Build Command(s):/usr/bin/make cmTC_6fa6d/fast && /usr/bin/make -f CMakeFiles/cmTC_6fa6d.dir/build.make CMakeFiles/cmTC_6fa6d.dir/build
make[1]: Entering directory '/home/catkin_ws/build/CMakeFiles/CMakeTmp'
Building C object CMakeFiles/cmTC_6fa6d.dir/src.c.o
/usr/bin/cc   -DCMAKE_HAVE_LIBC_PTHREAD   -o CMakeFiles/cmTC_6fa6d.dir/src.c.o   -c /home/catkin_ws/build/CMakeFiles/CMakeTmp/src.c
Linking C executable cmTC_6fa6d
/usr/bin/cmake -E cmake_link_script CMakeFiles/cmTC_6fa6d.dir/link.txt --verbose=1
/usr/bin/cc  -DCMAKE_HAVE_LIBC_PTHREAD    -rdynamic CMakeFiles/cmTC_6fa6d.dir/src.c.o  -o cmTC_6fa6d 
/usr/bin/ld: CMakeFiles/cmTC_6fa6d.dir/src.c.o: in function `main':
>>>>>>> b157bc9fbefe0d5e0a2bb8ea58a4cca1ac17fbfd
src.c:(.text+0x46): undefined reference to `pthread_create'
/usr/bin/ld: src.c:(.text+0x52): undefined reference to `pthread_detach'
/usr/bin/ld: src.c:(.text+0x63): undefined reference to `pthread_join'
collect2: error: ld returned 1 exit status
<<<<<<< HEAD
make[1]: *** [CMakeFiles/cmTC_d8dc3.dir/build.make:87: cmTC_d8dc3] Error 1
make[1]: Leaving directory '/home/projet_rob_mobile/build/CMakeFiles/CMakeTmp'
make: *** [Makefile:121: cmTC_d8dc3/fast] Error 2
=======
make[1]: *** [CMakeFiles/cmTC_6fa6d.dir/build.make:87: cmTC_6fa6d] Error 1
make[1]: Leaving directory '/home/catkin_ws/build/CMakeFiles/CMakeTmp'
make: *** [Makefile:121: cmTC_6fa6d/fast] Error 2
>>>>>>> b157bc9fbefe0d5e0a2bb8ea58a4cca1ac17fbfd


Source file was:
#include <pthread.h>

void* test_func(void* data)
{
  return data;
}

int main(void)
{
  pthread_t thread;
  pthread_create(&thread, NULL, test_func, NULL);
  pthread_detach(thread);
  pthread_join(thread, NULL);
  pthread_atfork(NULL, NULL, NULL);
  pthread_exit(NULL);

  return 0;
}

Determining if the function pthread_create exists in the pthreads failed with the following output:
Change Dir: /home/projet_rob_mobile/build/CMakeFiles/CMakeTmp

<<<<<<< HEAD
Run Build Command(s):/usr/bin/make cmTC_51341/fast && /usr/bin/make -f CMakeFiles/cmTC_51341.dir/build.make CMakeFiles/cmTC_51341.dir/build
make[1]: Entering directory '/home/projet_rob_mobile/build/CMakeFiles/CMakeTmp'
Building C object CMakeFiles/cmTC_51341.dir/CheckFunctionExists.c.o
/usr/bin/cc   -DCHECK_FUNCTION_EXISTS=pthread_create   -o CMakeFiles/cmTC_51341.dir/CheckFunctionExists.c.o   -c /usr/share/cmake-3.16/Modules/CheckFunctionExists.c
Linking C executable cmTC_51341
/usr/bin/cmake -E cmake_link_script CMakeFiles/cmTC_51341.dir/link.txt --verbose=1
/usr/bin/cc  -DCHECK_FUNCTION_EXISTS=pthread_create    -rdynamic CMakeFiles/cmTC_51341.dir/CheckFunctionExists.c.o  -o cmTC_51341  -lpthreads 
/usr/bin/ld: cannot find -lpthreads
collect2: error: ld returned 1 exit status
make[1]: *** [CMakeFiles/cmTC_51341.dir/build.make:87: cmTC_51341] Error 1
make[1]: Leaving directory '/home/projet_rob_mobile/build/CMakeFiles/CMakeTmp'
make: *** [Makefile:121: cmTC_51341/fast] Error 2
=======
Run Build Command(s):/usr/bin/make cmTC_89241/fast && /usr/bin/make -f CMakeFiles/cmTC_89241.dir/build.make CMakeFiles/cmTC_89241.dir/build
make[1]: Entering directory '/home/catkin_ws/build/CMakeFiles/CMakeTmp'
Building C object CMakeFiles/cmTC_89241.dir/CheckFunctionExists.c.o
/usr/bin/cc   -DCHECK_FUNCTION_EXISTS=pthread_create   -o CMakeFiles/cmTC_89241.dir/CheckFunctionExists.c.o   -c /usr/share/cmake-3.16/Modules/CheckFunctionExists.c
Linking C executable cmTC_89241
/usr/bin/cmake -E cmake_link_script CMakeFiles/cmTC_89241.dir/link.txt --verbose=1
/usr/bin/cc  -DCHECK_FUNCTION_EXISTS=pthread_create    -rdynamic CMakeFiles/cmTC_89241.dir/CheckFunctionExists.c.o  -o cmTC_89241  -lpthreads 
/usr/bin/ld: cannot find -lpthreads
collect2: error: ld returned 1 exit status
make[1]: *** [CMakeFiles/cmTC_89241.dir/build.make:87: cmTC_89241] Error 1
make[1]: Leaving directory '/home/catkin_ws/build/CMakeFiles/CMakeTmp'
make: *** [Makefile:121: cmTC_89241/fast] Error 2
>>>>>>> b157bc9fbefe0d5e0a2bb8ea58a4cca1ac17fbfd



